2026-09-12 15:03:37 INFO USER_LOGIN task=None user=USER-ADMIN status=ok 
2026-09-12 15:03:37 INFO TASK_CREATED task=TASK-98D9BB97 user=USER-ADMIN status=ok coding
2026-09-12 15:03:37 INFO POLICY_CHECK task=TASK-98D9BB97 user=USER-ADMIN status=ok 
2026-09-12 15:03:38 INFO TASK_PLANNED task=TASK-98D9BB97 user=USER-ADMIN status=ok 
2026-09-12 15:03:38 INFO DOCUMENT_RETRIEVED task=TASK-98D9BB97 user=USER-ADMIN status=ok 1 hits
2026-09-12 15:03:38 INFO MODEL_SELECTED model=mock-coder capability=coding
2026-09-12 15:03:38 INFO MODEL_SELECTED task=TASK-98D9BB97 user=USER-ADMIN status=ok model=mock-coder
2026-09-12 15:03:38 INFO TOOL_EXECUTED task=TASK-98D9BB97 user=USER-ADMIN status=ok 
2026-09-12 15:03:38 INFO VERIFICATION_COMPLETED task=TASK-98D9BB97 user=USER-ADMIN status=passed 
2026-09-12 15:03:39 INFO OUTPUT_CREATED task=TASK-98D9BB97 user=USER-ADMIN status=ok 
2026-09-12 15:03:39 INFO FILE_UPLOADED doc=DOC-24E03BA1 user_dept=general ocr=False
2026-09-12 15:03:39 INFO FILE_UPLOADED task=None user=USER-ADMIN status=ok DOC-24E03BA1
2026-09-12 15:03:39 INFO KNOWLEDGE_INDEXED task=None user=USER-ADMIN status=ok DOC-3BA0B155
2026-09-12 15:03:39 INFO TASK_CREATED task=TASK-AC160E28 user=USER-ADMIN status=ok analysis
2026-09-12 15:03:39 INFO POLICY_CHECK task=TASK-AC160E28 user=USER-ADMIN status=ok 
2026-09-12 15:03:39 INFO TASK_PLANNED task=TASK-AC160E28 user=USER-ADMIN status=ok 
2026-09-12 15:03:39 INFO DOCUMENT_RETRIEVED task=TASK-AC160E28 user=USER-ADMIN status=ok 1 hits
2026-09-12 15:03:39 INFO MODEL_SELECTED model=mock-reasoning capability=reasoning
2026-09-12 15:03:39 INFO MODEL_SELECTED task=TASK-AC160E28 user=USER-ADMIN status=ok model=mock-reasoning
2026-09-12 15:03:39 INFO MODEL_EXECUTED task=TASK-AC160E28 user=USER-ADMIN status=ok 
2026-09-12 15:03:39 INFO VERIFICATION_COMPLETED task=TASK-AC160E28 user=USER-ADMIN status=passed 
2026-09-12 15:03:39 INFO APPROVAL_REQUESTED task=TASK-AC160E28 user=USER-ADMIN status=ok 
2026-09-12 15:03:39 INFO APPROVAL_GRANTED task=TASK-AC160E28 user=USER-ADMIN status=ok 
2026-09-12 15:03:39 INFO OUTPUT_CREATED task=TASK-AC160E28 user=USER-ADMIN status=ok 
2026-09-12 15:03:39 INFO OUTPUT_DOWNLOADED task=TASK-AC160E28 user=USER-ADMIN status=ok 
2026-09-12 15:03:40 INFO TOOL_EXECUTED task=None user=USER-ADMIN status=passed calculator
2026-09-12 15:20:24 INFO USER_LOGIN task=None user=USER-ADMIN status=ok 
2026-09-12 15:20:25 INFO TASK_CREATED task=TASK-51747F24 user=USER-ADMIN status=ok coding
2026-09-12 15:20:25 INFO POLICY_CHECK task=TASK-51747F24 user=USER-ADMIN status=ok 
2026-09-12 15:20:25 INFO TASK_PLANNED task=TASK-51747F24 user=USER-ADMIN status=ok 
2026-09-12 15:20:25 INFO DOCUMENT_RETRIEVED task=TASK-51747F24 user=USER-ADMIN status=ok 1 hits
2026-09-12 15:20:25 INFO MODEL_SELECTED model=mock-coder capability=coding
2026-09-12 15:20:25 INFO MODEL_SELECTED task=TASK-51747F24 user=USER-ADMIN status=ok model=mock-coder
2026-09-12 15:20:26 INFO TOOL_EXECUTED task=TASK-51747F24 user=USER-ADMIN status=ok 
2026-09-12 15:20:26 INFO VERIFICATION_COMPLETED task=TASK-51747F24 user=USER-ADMIN status=passed 
2026-09-12 15:20:26 INFO OUTPUT_CREATED task=TASK-51747F24 user=USER-ADMIN status=ok 
2026-09-12 15:20:27 INFO FILE_UPLOADED doc=DOC-8ED64962 user_dept=general ocr=False
2026-09-12 15:20:27 INFO FILE_UPLOADED task=None user=USER-ADMIN status=ok DOC-8ED64962
2026-09-12 15:20:27 INFO KNOWLEDGE_INDEXED task=None user=USER-ADMIN status=ok DOC-0E713586
2026-09-12 15:20:27 INFO TASK_CREATED task=TASK-2830E518 user=USER-ADMIN status=ok analysis
2026-09-12 15:20:27 INFO POLICY_CHECK task=TASK-2830E518 user=USER-ADMIN status=ok 
2026-09-12 15:20:27 INFO TASK_PLANNED task=TASK-2830E518 user=USER-ADMIN status=ok 
2026-09-12 15:20:27 INFO DOCUMENT_RETRIEVED task=TASK-2830E518 user=USER-ADMIN status=ok 1 hits
2026-09-12 15:20:27 INFO MODEL_SELECTED model=mock-reasoning capability=reasoning
2026-09-12 15:20:27 INFO MODEL_SELECTED task=TASK-2830E518 user=USER-ADMIN status=ok model=mock-reasoning
2026-09-12 15:20:27 INFO MODEL_EXECUTED task=TASK-2830E518 user=USER-ADMIN status=ok 
2026-09-12 15:20:27 INFO VERIFICATION_COMPLETED task=TASK-2830E518 user=USER-ADMIN status=passed 
2026-09-12 15:20:27 INFO APPROVAL_REQUESTED task=TASK-2830E518 user=USER-ADMIN status=ok 
2026-09-12 15:20:27 INFO APPROVAL_GRANTED task=TASK-2830E518 user=USER-ADMIN status=ok 
2026-09-12 15:20:28 INFO OUTPUT_CREATED task=TASK-2830E518 user=USER-ADMIN status=ok 
2026-09-12 15:20:28 INFO OUTPUT_DOWNLOADED task=TASK-2830E518 user=USER-ADMIN status=ok 
2026-09-12 15:20:28 INFO TOOL_EXECUTED task=None user=USER-ADMIN status=passed calculator
